// Jest Snapshot v1, https://goo.gl/fbAQLP

exports[`<Tabs/> errors if a tab does not have a \`key\` 1`] = `"Method “type” is meant to be run on 1 node. 2 found instead."`;
